<?xml version="1.0" encoding="ISO-8859-1" ?>
<link_info>
   <banner>TI ARM Linker PC v20.2.2.LTS</banner>
   <copyright>Copyright (c) 1996-2018 Texas Instruments Incorporated</copyright>
   <link_time>0x608719ce</link_time>
   <link_errors>0x0</link_errors>
   <output_file>Ouroboros.out</output_file>
   <entry_point>
      <name>_c_int00_noargs</name>
      <address>0x25a5</address>
   </entry_point>
   <input_file_list>
      <input_file id="fl-2">
         <path>.\</path>
         <kind>object</kind>
         <file>main.obj</file>
         <name>main.obj</name>
      </input_file>
      <input_file id="fl-3">
         <path>.\</path>
         <kind>object</kind>
         <file>startup_msp432p401r_ccs.obj</file>
         <name>startup_msp432p401r_ccs.obj</name>
      </input_file>
      <input_file id="fl-4">
         <path>.\</path>
         <kind>object</kind>
         <file>system_msp432p401r.obj</file>
         <name>system_msp432p401r.obj</name>
      </input_file>
      <input_file id="fl-5">
         <path>.\src\</path>
         <kind>object</kind>
         <file>adc.obj</file>
         <name>adc.obj</name>
      </input_file>
      <input_file id="fl-6">
         <path>.\src\</path>
         <kind>object</kind>
         <file>game.obj</file>
         <name>game.obj</name>
      </input_file>
      <input_file id="fl-7">
         <path>.\src\</path>
         <kind>object</kind>
         <file>gfx.obj</file>
         <name>gfx.obj</name>
      </input_file>
      <input_file id="fl-8">
         <path>.\src\</path>
         <kind>object</kind>
         <file>i2c.obj</file>
         <name>i2c.obj</name>
      </input_file>
      <input_file id="fl-9">
         <path>.\src\</path>
         <kind>object</kind>
         <file>timera.obj</file>
         <name>timera.obj</name>
      </input_file>
      <input_file id="fl-d">
         <kind>object</kind>
         <file>&lt;internal&gt;</file>
         <name>&lt;internal&gt;</name>
      </input_file>
      <input_file id="fl-c3">
         <path>C:\ti\ccs1020\ccs\tools\compiler\ti-cgt-arm_20.2.2.LTS\lib\</path>
         <kind>archive</kind>
         <file>rtsv7M4_T_le_v4SPD16_eabi.lib</file>
         <name>ll_lsl_t2.asm.obj</name>
      </input_file>
      <input_file id="fl-c4">
         <path>C:\ti\ccs1020\ccs\tools\compiler\ti-cgt-arm_20.2.2.LTS\lib\</path>
         <kind>archive</kind>
         <file>rtsv7M4_T_le_v4SPD16_eabi.lib</file>
         <name>ll_lsr_t2.asm.obj</name>
      </input_file>
      <input_file id="fl-c5">
         <path>C:\ti\ccs1020\ccs\tools\compiler\ti-cgt-arm_20.2.2.LTS\lib\</path>
         <kind>archive</kind>
         <file>rtsv7M4_T_le_v4SPD16_eabi.lib</file>
         <name>copy_zero_init.c.obj</name>
      </input_file>
      <input_file id="fl-c6">
         <path>C:\ti\ccs1020\ccs\tools\compiler\ti-cgt-arm_20.2.2.LTS\lib\</path>
         <kind>archive</kind>
         <file>rtsv7M4_T_le_v4SPD16_eabi.lib</file>
         <name>copy_decompress_none.c.obj</name>
      </input_file>
      <input_file id="fl-c7">
         <path>C:\ti\ccs1020\ccs\tools\compiler\ti-cgt-arm_20.2.2.LTS\lib\</path>
         <kind>archive</kind>
         <file>rtsv7M4_T_le_v4SPD16_eabi.lib</file>
         <name>copy_decompress_lzss.c.obj</name>
      </input_file>
      <input_file id="fl-c8">
         <path>C:\ti\ccs1020\ccs\tools\compiler\ti-cgt-arm_20.2.2.LTS\lib\</path>
         <kind>archive</kind>
         <file>rtsv7M4_T_le_v4SPD16_eabi.lib</file>
         <name>assert.c.obj</name>
      </input_file>
      <input_file id="fl-c9">
         <path>C:\ti\ccs1020\ccs\tools\compiler\ti-cgt-arm_20.2.2.LTS\lib\</path>
         <kind>archive</kind>
         <file>rtsv7M4_T_le_v4SPD16_eabi.lib</file>
         <name>defs.c.obj</name>
      </input_file>
      <input_file id="fl-ca">
         <path>C:\ti\ccs1020\ccs\tools\compiler\ti-cgt-arm_20.2.2.LTS\lib\</path>
         <kind>archive</kind>
         <file>rtsv7M4_T_le_v4SPD16_eabi.lib</file>
         <name>rand.c.obj</name>
      </input_file>
      <input_file id="fl-cb">
         <path>C:\ti\ccs1020\ccs\tools\compiler\ti-cgt-arm_20.2.2.LTS\lib\</path>
         <kind>archive</kind>
         <file>rtsv7M4_T_le_v4SPD16_eabi.lib</file>
         <name>boot_cortex_m.c.obj</name>
      </input_file>
      <input_file id="fl-cc">
         <path>C:\ti\ccs1020\ccs\tools\compiler\ti-cgt-arm_20.2.2.LTS\lib\</path>
         <kind>archive</kind>
         <file>rtsv7M4_T_le_v4SPD16_eabi.lib</file>
         <name>fflush.c.obj</name>
      </input_file>
      <input_file id="fl-cd">
         <path>C:\ti\ccs1020\ccs\tools\compiler\ti-cgt-arm_20.2.2.LTS\lib\</path>
         <kind>archive</kind>
         <file>rtsv7M4_T_le_v4SPD16_eabi.lib</file>
         <name>fputs.c.obj</name>
      </input_file>
      <input_file id="fl-ce">
         <path>C:\ti\ccs1020\ccs\tools\compiler\ti-cgt-arm_20.2.2.LTS\lib\</path>
         <kind>archive</kind>
         <file>rtsv7M4_T_le_v4SPD16_eabi.lib</file>
         <name>_io_perm.c.obj</name>
      </input_file>
      <input_file id="fl-cf">
         <path>C:\ti\ccs1020\ccs\tools\compiler\ti-cgt-arm_20.2.2.LTS\lib\</path>
         <kind>archive</kind>
         <file>rtsv7M4_T_le_v4SPD16_eabi.lib</file>
         <name>setvbuf.c.obj</name>
      </input_file>
      <input_file id="fl-d0">
         <path>C:\ti\ccs1020\ccs\tools\compiler\ti-cgt-arm_20.2.2.LTS\lib\</path>
         <kind>archive</kind>
         <file>rtsv7M4_T_le_v4SPD16_eabi.lib</file>
         <name>memcpy_t2.asm.obj</name>
      </input_file>
      <input_file id="fl-d1">
         <path>C:\ti\ccs1020\ccs\tools\compiler\ti-cgt-arm_20.2.2.LTS\lib\</path>
         <kind>archive</kind>
         <file>rtsv7M4_T_le_v4SPD16_eabi.lib</file>
         <name>memset_t2.asm.obj</name>
      </input_file>
      <input_file id="fl-d2">
         <path>C:\ti\ccs1020\ccs\tools\compiler\ti-cgt-arm_20.2.2.LTS\lib\</path>
         <kind>archive</kind>
         <file>rtsv7M4_T_le_v4SPD16_eabi.lib</file>
         <name>autoinit.c.obj</name>
      </input_file>
      <input_file id="fl-d3">
         <path>C:\ti\ccs1020\ccs\tools\compiler\ti-cgt-arm_20.2.2.LTS\lib\</path>
         <kind>archive</kind>
         <file>rtsv7M4_T_le_v4SPD16_eabi.lib</file>
         <name>pre_init.c.obj</name>
      </input_file>
      <input_file id="fl-d4">
         <path>C:\ti\ccs1020\ccs\tools\compiler\ti-cgt-arm_20.2.2.LTS\lib\</path>
         <kind>archive</kind>
         <file>rtsv7M4_T_le_v4SPD16_eabi.lib</file>
         <name>cpy_tbl.c.obj</name>
      </input_file>
      <input_file id="fl-d5">
         <path>C:\ti\ccs1020\ccs\tools\compiler\ti-cgt-arm_20.2.2.LTS\lib\</path>
         <kind>archive</kind>
         <file>rtsv7M4_T_le_v4SPD16_eabi.lib</file>
         <name>exit.c.obj</name>
      </input_file>
      <input_file id="fl-d6">
         <path>C:\ti\ccs1020\ccs\tools\compiler\ti-cgt-arm_20.2.2.LTS\lib\</path>
         <kind>archive</kind>
         <file>rtsv7M4_T_le_v4SPD16_eabi.lib</file>
         <name>_lock.c.obj</name>
      </input_file>
      <input_file id="fl-d7">
         <path>C:\ti\ccs1020\ccs\tools\compiler\ti-cgt-arm_20.2.2.LTS\lib\</path>
         <kind>archive</kind>
         <file>rtsv7M4_T_le_v4SPD16_eabi.lib</file>
         <name>args_main.c.obj</name>
      </input_file>
      <input_file id="fl-d8">
         <path>C:\ti\ccs1020\ccs\tools\compiler\ti-cgt-arm_20.2.2.LTS\lib\</path>
         <kind>archive</kind>
         <file>rtsv7M4_T_le_v4SPD16_eabi.lib</file>
         <name>memchr.c.obj</name>
      </input_file>
      <input_file id="fl-d9">
         <path>C:\ti\ccs1020\ccs\tools\compiler\ti-cgt-arm_20.2.2.LTS\lib\</path>
         <kind>archive</kind>
         <file>rtsv7M4_T_le_v4SPD16_eabi.lib</file>
         <name>memory.c.obj</name>
      </input_file>
      <input_file id="fl-da">
         <path>C:\ti\ccs1020\ccs\tools\compiler\ti-cgt-arm_20.2.2.LTS\lib\</path>
         <kind>archive</kind>
         <file>rtsv7M4_T_le_v4SPD16_eabi.lib</file>
         <name>strlen.c.obj</name>
      </input_file>
      <input_file id="fl-db">
         <path>C:\ti\ccs1020\ccs\tools\compiler\ti-cgt-arm_20.2.2.LTS\lib\</path>
         <kind>archive</kind>
         <file>rtsv7M4_T_le_v4SPD16_eabi.lib</file>
         <name>write.c.obj</name>
      </input_file>
      <input_file id="fl-dc">
         <path>C:\ti\ccs1020\ccs\tools\compiler\ti-cgt-arm_20.2.2.LTS\lib\</path>
         <kind>archive</kind>
         <file>rtsv7M4_T_le_v4SPD16_eabi.lib</file>
         <name>host_device.c.obj</name>
      </input_file>
      <input_file id="fl-dd">
         <path>C:\ti\ccs1020\ccs\tools\compiler\ti-cgt-arm_20.2.2.LTS\lib\</path>
         <kind>archive</kind>
         <file>rtsv7M4_T_le_v4SPD16_eabi.lib</file>
         <name>fopen.c.obj</name>
      </input_file>
      <input_file id="fl-de">
         <path>C:\ti\ccs1020\ccs\tools\compiler\ti-cgt-arm_20.2.2.LTS\lib\</path>
         <kind>archive</kind>
         <file>rtsv7M4_T_le_v4SPD16_eabi.lib</file>
         <name>fseek.c.obj</name>
      </input_file>
      <input_file id="fl-df">
         <path>C:\ti\ccs1020\ccs\tools\compiler\ti-cgt-arm_20.2.2.LTS\lib\</path>
         <kind>archive</kind>
         <file>rtsv7M4_T_le_v4SPD16_eabi.lib</file>
         <name>hostclose.c.obj</name>
      </input_file>
      <input_file id="fl-e0">
         <path>C:\ti\ccs1020\ccs\tools\compiler\ti-cgt-arm_20.2.2.LTS\lib\</path>
         <kind>archive</kind>
         <file>rtsv7M4_T_le_v4SPD16_eabi.lib</file>
         <name>hostlseek.c.obj</name>
      </input_file>
      <input_file id="fl-e1">
         <path>C:\ti\ccs1020\ccs\tools\compiler\ti-cgt-arm_20.2.2.LTS\lib\</path>
         <kind>archive</kind>
         <file>rtsv7M4_T_le_v4SPD16_eabi.lib</file>
         <name>hostopen.c.obj</name>
      </input_file>
      <input_file id="fl-e2">
         <path>C:\ti\ccs1020\ccs\tools\compiler\ti-cgt-arm_20.2.2.LTS\lib\</path>
         <kind>archive</kind>
         <file>rtsv7M4_T_le_v4SPD16_eabi.lib</file>
         <name>hostread.c.obj</name>
      </input_file>
      <input_file id="fl-e3">
         <path>C:\ti\ccs1020\ccs\tools\compiler\ti-cgt-arm_20.2.2.LTS\lib\</path>
         <kind>archive</kind>
         <file>rtsv7M4_T_le_v4SPD16_eabi.lib</file>
         <name>hostrename.c.obj</name>
      </input_file>
      <input_file id="fl-e4">
         <path>C:\ti\ccs1020\ccs\tools\compiler\ti-cgt-arm_20.2.2.LTS\lib\</path>
         <kind>archive</kind>
         <file>rtsv7M4_T_le_v4SPD16_eabi.lib</file>
         <name>hostunlink.c.obj</name>
      </input_file>
      <input_file id="fl-e5">
         <path>C:\ti\ccs1020\ccs\tools\compiler\ti-cgt-arm_20.2.2.LTS\lib\</path>
         <kind>archive</kind>
         <file>rtsv7M4_T_le_v4SPD16_eabi.lib</file>
         <name>hostwrite.c.obj</name>
      </input_file>
      <input_file id="fl-e6">
         <path>C:\ti\ccs1020\ccs\tools\compiler\ti-cgt-arm_20.2.2.LTS\lib\</path>
         <kind>archive</kind>
         <file>rtsv7M4_T_le_v4SPD16_eabi.lib</file>
         <name>trgmsg.c.obj</name>
      </input_file>
      <input_file id="fl-e7">
         <path>C:\ti\ccs1020\ccs\tools\compiler\ti-cgt-arm_20.2.2.LTS\lib\</path>
         <kind>archive</kind>
         <file>rtsv7M4_T_le_v4SPD16_eabi.lib</file>
         <name>open.c.obj</name>
      </input_file>
      <input_file id="fl-e8">
         <path>C:\ti\ccs1020\ccs\tools\compiler\ti-cgt-arm_20.2.2.LTS\lib\</path>
         <kind>archive</kind>
         <file>rtsv7M4_T_le_v4SPD16_eabi.lib</file>
         <name>lseek.c.obj</name>
      </input_file>
      <input_file id="fl-e9">
         <path>C:\ti\ccs1020\ccs\tools\compiler\ti-cgt-arm_20.2.2.LTS\lib\</path>
         <kind>archive</kind>
         <file>rtsv7M4_T_le_v4SPD16_eabi.lib</file>
         <name>fclose.c.obj</name>
      </input_file>
      <input_file id="fl-ea">
         <path>C:\ti\ccs1020\ccs\tools\compiler\ti-cgt-arm_20.2.2.LTS\lib\</path>
         <kind>archive</kind>
         <file>rtsv7M4_T_le_v4SPD16_eabi.lib</file>
         <name>getdevice.c.obj</name>
      </input_file>
      <input_file id="fl-eb">
         <path>C:\ti\ccs1020\ccs\tools\compiler\ti-cgt-arm_20.2.2.LTS\lib\</path>
         <kind>archive</kind>
         <file>rtsv7M4_T_le_v4SPD16_eabi.lib</file>
         <name>strchr.c.obj</name>
      </input_file>
      <input_file id="fl-ec">
         <path>C:\ti\ccs1020\ccs\tools\compiler\ti-cgt-arm_20.2.2.LTS\lib\</path>
         <kind>archive</kind>
         <file>rtsv7M4_T_le_v4SPD16_eabi.lib</file>
         <name>strcmp.c.obj</name>
      </input_file>
      <input_file id="fl-ed">
         <path>C:\ti\ccs1020\ccs\tools\compiler\ti-cgt-arm_20.2.2.LTS\lib\</path>
         <kind>archive</kind>
         <file>rtsv7M4_T_le_v4SPD16_eabi.lib</file>
         <name>strcpy.c.obj</name>
      </input_file>
      <input_file id="fl-ee">
         <path>C:\ti\ccs1020\ccs\tools\compiler\ti-cgt-arm_20.2.2.LTS\lib\</path>
         <kind>archive</kind>
         <file>rtsv7M4_T_le_v4SPD16_eabi.lib</file>
         <name>strncpy.c.obj</name>
      </input_file>
      <input_file id="fl-ef">
         <path>C:\ti\ccs1020\ccs\tools\compiler\ti-cgt-arm_20.2.2.LTS\lib\</path>
         <kind>archive</kind>
         <file>rtsv7M4_T_le_v4SPD16_eabi.lib</file>
         <name>remove.c.obj</name>
      </input_file>
      <input_file id="fl-f0">
         <path>C:\ti\ccs1020\ccs\tools\compiler\ti-cgt-arm_20.2.2.LTS\lib\</path>
         <kind>archive</kind>
         <file>rtsv7M4_T_le_v4SPD16_eabi.lib</file>
         <name>close.c.obj</name>
      </input_file>
      <input_file id="fl-f1">
         <path>C:\ti\ccs1020\ccs\tools\compiler\ti-cgt-arm_20.2.2.LTS\lib\</path>
         <kind>archive</kind>
         <file>rtsv7M4_T_le_v4SPD16_eabi.lib</file>
         <name>unlink.c.obj</name>
      </input_file>
   </input_file_list>
   <object_component_list>
      <object_component id="oc-26">
         <name>.intvecs:retain</name>
         <load_address>0x0</load_address>
         <run_address>0x0</run_address>
         <size>0xe4</size>
         <input_file_ref idref="fl-3"/>
      </object_component>
      <object_component id="oc-82">
         <name>.text</name>
         <load_address>0xe4</load_address>
         <run_address>0xe4</run_address>
         <size>0x610</size>
         <input_file_ref idref="fl-6"/>
      </object_component>
      <object_component id="oc-70">
         <name>.text</name>
         <load_address>0x6f4</load_address>
         <run_address>0x6f4</run_address>
         <size>0x600</size>
         <input_file_ref idref="fl-9"/>
      </object_component>
      <object_component id="oc-76">
         <name>.text</name>
         <load_address>0xcf4</load_address>
         <run_address>0xcf4</run_address>
         <size>0x594</size>
         <input_file_ref idref="fl-8"/>
      </object_component>
      <object_component id="oc-c4">
         <name>.text</name>
         <load_address>0x1288</load_address>
         <run_address>0x1288</run_address>
         <size>0x334</size>
         <input_file_ref idref="fl-4"/>
      </object_component>
      <object_component id="oc-7c">
         <name>.text</name>
         <load_address>0x15bc</load_address>
         <run_address>0x15bc</run_address>
         <size>0x1ec</size>
         <input_file_ref idref="fl-5"/>
      </object_component>
      <object_component id="oc-18a">
         <name>.text:fputs</name>
         <load_address>0x17a8</load_address>
         <run_address>0x17a8</run_address>
         <size>0x114</size>
         <input_file_ref idref="fl-cd"/>
      </object_component>
      <object_component id="oc-ff">
         <name>.text</name>
         <load_address>0x18bc</load_address>
         <run_address>0x18bc</run_address>
         <size>0x114</size>
         <input_file_ref idref="fl-7"/>
      </object_component>
      <object_component id="oc-2be">
         <name>.text:aligned_alloc</name>
         <load_address>0x19d0</load_address>
         <run_address>0x19d0</run_address>
         <size>0x100</size>
         <input_file_ref idref="fl-d9"/>
      </object_component>
      <object_component id="oc-27c">
         <name>.text:free</name>
         <load_address>0x1ad0</load_address>
         <run_address>0x1ad0</run_address>
         <size>0xe4</size>
         <input_file_ref idref="fl-d9"/>
      </object_component>
      <object_component id="oc-24b">
         <name>.text:setvbuf</name>
         <load_address>0x1bb4</load_address>
         <run_address>0x1bb4</run_address>
         <size>0xdc</size>
         <input_file_ref idref="fl-cf"/>
      </object_component>
      <object_component id="oc-b2">
         <name>.text</name>
         <load_address>0x1c90</load_address>
         <run_address>0x1c90</run_address>
         <size>0xb0</size>
         <input_file_ref idref="fl-2"/>
      </object_component>
      <object_component id="oc-3a">
         <name>.text</name>
         <load_address>0x1d40</load_address>
         <run_address>0x1d40</run_address>
         <size>0x9c</size>
         <input_file_ref idref="fl-d0"/>
      </object_component>
      <object_component id="oc-190">
         <name>.text:fflush</name>
         <load_address>0x1ddc</load_address>
         <run_address>0x1ddc</run_address>
         <size>0x7c</size>
         <input_file_ref idref="fl-cc"/>
      </object_component>
      <object_component id="oc-a6">
         <name>.text</name>
         <load_address>0x1e58</load_address>
         <run_address>0x1e58</run_address>
         <size>0x7a</size>
         <input_file_ref idref="fl-d1"/>
      </object_component>
      <object_component id="oc-220">
         <name>.text:_nop</name>
         <load_address>0x1ed2</load_address>
         <run_address>0x1ed2</run_address>
         <size>0x2</size>
         <input_file_ref idref="fl-d6"/>
      </object_component>
      <object_component id="oc-2c5">
         <name>.text:__TI_closefile</name>
         <load_address>0x1ed4</load_address>
         <run_address>0x1ed4</run_address>
         <size>0x74</size>
         <input_file_ref idref="fl-e9"/>
      </object_component>
      <object_component id="oc-303">
         <name>.text:split</name>
         <load_address>0x1f48</load_address>
         <run_address>0x1f48</run_address>
         <size>0x70</size>
         <input_file_ref idref="fl-d9"/>
      </object_component>
      <object_component id="oc-2f2">
         <name>.text:HOSTrename</name>
         <load_address>0x1fb8</load_address>
         <run_address>0x1fb8</run_address>
         <size>0x6c</size>
         <input_file_ref idref="fl-e3"/>
      </object_component>
      <object_component id="oc-2e6">
         <name>.text:HOSTlseek</name>
         <load_address>0x2024</load_address>
         <run_address>0x2024</run_address>
         <size>0x68</size>
         <input_file_ref idref="fl-e0"/>
      </object_component>
      <object_component id="oc-17">
         <name>.text:decompress:lzss:__TI_decompress_lzss</name>
         <load_address>0x208c</load_address>
         <run_address>0x208c</run_address>
         <size>0x68</size>
         <input_file_ref idref="fl-c7"/>
      </object_component>
      <object_component id="oc-245">
         <name>.text:fseek</name>
         <load_address>0x20f4</load_address>
         <run_address>0x20f4</run_address>
         <size>0x64</size>
         <input_file_ref idref="fl-de"/>
      </object_component>
      <object_component id="oc-1ee">
         <name>.text:__TI_wrt_ok</name>
         <load_address>0x2158</load_address>
         <run_address>0x2158</run_address>
         <size>0x62</size>
         <input_file_ref idref="fl-ce"/>
      </object_component>
      <object_component id="oc-2ce">
         <name>.text:HOSTopen</name>
         <load_address>0x21bc</load_address>
         <run_address>0x21bc</run_address>
         <size>0x60</size>
         <input_file_ref idref="fl-e1"/>
      </object_component>
      <object_component id="oc-30a">
         <name>.text:close</name>
         <load_address>0x221c</load_address>
         <run_address>0x221c</run_address>
         <size>0x5c</size>
         <input_file_ref idref="fl-f0"/>
      </object_component>
      <object_component id="oc-2da">
         <name>.text:HOSTread</name>
         <load_address>0x2278</load_address>
         <run_address>0x2278</run_address>
         <size>0x58</size>
         <input_file_ref idref="fl-e2"/>
      </object_component>
      <object_component id="oc-2e0">
         <name>.text:HOSTwrite</name>
         <load_address>0x22d0</load_address>
         <run_address>0x22d0</run_address>
         <size>0x58</size>
         <input_file_ref idref="fl-e5"/>
      </object_component>
      <object_component id="oc-200">
         <name>.text:__TI_doflush</name>
         <load_address>0x2328</load_address>
         <run_address>0x2328</run_address>
         <size>0x4c</size>
         <input_file_ref idref="fl-cc"/>
      </object_component>
      <object_component id="oc-14e">
         <name>.text:exit</name>
         <load_address>0x2374</load_address>
         <run_address>0x2374</run_address>
         <size>0x48</size>
         <input_file_ref idref="fl-d5"/>
      </object_component>
      <object_component id="oc-2d4">
         <name>.text:HOSTclose</name>
         <load_address>0x23bc</load_address>
         <run_address>0x23bc</run_address>
         <size>0x44</size>
         <input_file_ref idref="fl-df"/>
      </object_component>
      <object_component id="oc-2ec">
         <name>.text:HOSTunlink</name>
         <load_address>0x2400</load_address>
         <run_address>0x2400</run_address>
         <size>0x44</size>
         <input_file_ref idref="fl-e4"/>
      </object_component>
      <object_component id="oc-154">
         <name>.text:__TI_auto_init_nobinit_nopinit:__TI_auto_init_nobinit_nopinit</name>
         <load_address>0x2444</load_address>
         <run_address>0x2444</run_address>
         <size>0x44</size>
         <input_file_ref idref="fl-d2"/>
      </object_component>
      <object_component id="oc-340">
         <name>.text:getdevice</name>
         <load_address>0x2488</load_address>
         <run_address>0x2488</run_address>
         <size>0x44</size>
         <input_file_ref idref="fl-ea"/>
      </object_component>
      <object_component id="oc-319">
         <name>.text:__TI_writemsg</name>
         <load_address>0x24cc</load_address>
         <run_address>0x24cc</run_address>
         <size>0x38</size>
         <input_file_ref idref="fl-e6"/>
      </object_component>
      <object_component id="oc-368">
         <name>.text:strncpy</name>
         <load_address>0x2504</load_address>
         <run_address>0x2504</run_address>
         <size>0x36</size>
         <input_file_ref idref="fl-ee"/>
      </object_component>
      <object_component id="oc-288">
         <name>.text:__TI_cleanup</name>
         <load_address>0x253c</load_address>
         <run_address>0x253c</run_address>
         <size>0x34</size>
         <input_file_ref idref="fl-dd"/>
      </object_component>
      <object_component id="oc-31f">
         <name>.text:__TI_readmsg</name>
         <load_address>0x2570</load_address>
         <run_address>0x2570</run_address>
         <size>0x34</size>
         <input_file_ref idref="fl-e6"/>
      </object_component>
      <object_component id="oc-58">
         <name>.text:_c_int00_noargs:_c_int00_noargs</name>
         <load_address>0x25a4</load_address>
         <run_address>0x25a4</run_address>
         <size>0x34</size>
         <input_file_ref idref="fl-cb"/>
      </object_component>
      <object_component id="oc-f6">
         <name>.text:rand</name>
         <load_address>0x25d8</load_address>
         <run_address>0x25d8</run_address>
         <size>0x34</size>
         <input_file_ref idref="fl-ca"/>
      </object_component>
      <object_component id="oc-36e">
         <name>.text:finddevice</name>
         <load_address>0x260c</load_address>
         <run_address>0x260c</run_address>
         <size>0x30</size>
         <input_file_ref idref="fl-ea"/>
      </object_component>
      <object_component id="oc-310">
         <name>.text:unlink</name>
         <load_address>0x263c</load_address>
         <run_address>0x263c</run_address>
         <size>0x2c</size>
         <input_file_ref idref="fl-f1"/>
      </object_component>
      <object_component id="oc-2b7">
         <name>.text:free_list_insert</name>
         <load_address>0x2668</load_address>
         <run_address>0x2668</run_address>
         <size>0x28</size>
         <input_file_ref idref="fl-d9"/>
      </object_component>
      <object_component id="oc-274">
         <name>.text:lseek</name>
         <load_address>0x2690</load_address>
         <run_address>0x2690</run_address>
         <size>0x28</size>
         <input_file_ref idref="fl-e8"/>
      </object_component>
      <object_component id="oc-206">
         <name>.text:write</name>
         <load_address>0x26b8</load_address>
         <run_address>0x26b8</run_address>
         <size>0x28</size>
         <input_file_ref idref="fl-db"/>
      </object_component>
      <object_component id="oc-1fa">
         <name>.text:memchr</name>
         <load_address>0x26e0</load_address>
         <run_address>0x26e0</run_address>
         <size>0x20</size>
         <input_file_ref idref="fl-d8"/>
      </object_component>
      <object_component id="oc-10a">
         <name>.text</name>
         <load_address>0x2700</load_address>
         <run_address>0x2700</run_address>
         <size>0x1e</size>
         <input_file_ref idref="fl-c3"/>
      </object_component>
      <object_component id="oc-105">
         <name>.text</name>
         <load_address>0x271e</load_address>
         <run_address>0x271e</run_address>
         <size>0x1e</size>
         <input_file_ref idref="fl-c4"/>
      </object_component>
      <object_component id="oc-cb">
         <name>.text:_abort_msg</name>
         <load_address>0x273c</load_address>
         <run_address>0x273c</run_address>
         <size>0x1c</size>
         <input_file_ref idref="fl-c8"/>
      </object_component>
      <object_component id="oc-2b1">
         <name>.text:free_list_remove</name>
         <load_address>0x2758</load_address>
         <run_address>0x2758</run_address>
         <size>0x1c</size>
         <input_file_ref idref="fl-d9"/>
      </object_component>
      <object_component id="oc-387">
         <name>.text:strcmp</name>
         <load_address>0x2774</load_address>
         <run_address>0x2774</run_address>
         <size>0x18</size>
         <input_file_ref idref="fl-ec"/>
      </object_component>
      <object_component id="oc-362">
         <name>.text:strchr</name>
         <load_address>0x278c</load_address>
         <run_address>0x278c</run_address>
         <size>0x16</size>
         <input_file_ref idref="fl-eb"/>
      </object_component>
      <object_component id="oc-333">
         <name>.text:strcpy</name>
         <load_address>0x27a2</load_address>
         <run_address>0x27a2</run_address>
         <size>0x14</size>
         <input_file_ref idref="fl-ed"/>
      </object_component>
      <object_component id="oc-1f4">
         <name>.text:strlen</name>
         <load_address>0x27b6</load_address>
         <run_address>0x27b6</run_address>
         <size>0x14</size>
         <input_file_ref idref="fl-da"/>
      </object_component>
      <object_component id="oc-1d">
         <name>.text:decompress:none:__TI_decompress_none</name>
         <load_address>0x27ca</load_address>
         <run_address>0x27ca</run_address>
         <size>0xe</size>
         <input_file_ref idref="fl-c6"/>
      </object_component>
      <object_component id="oc-6a">
         <name>.text</name>
         <load_address>0x27d8</load_address>
         <run_address>0x27d8</run_address>
         <size>0xe</size>
         <input_file_ref idref="fl-3"/>
      </object_component>
      <object_component id="oc-4c">
         <name>.text:decompress:ZI:__TI_zero_init</name>
         <load_address>0x27e6</load_address>
         <run_address>0x27e6</run_address>
         <size>0xc</size>
         <input_file_ref idref="fl-c5"/>
      </object_component>
      <object_component id="oc-282">
         <name>.text:malloc</name>
         <load_address>0x27f2</load_address>
         <run_address>0x27f2</run_address>
         <size>0x8</size>
         <input_file_ref idref="fl-d9"/>
      </object_component>
      <object_component id="oc-ac">
         <name>.text:_system_pre_init</name>
         <load_address>0x27fa</load_address>
         <run_address>0x27fa</run_address>
         <size>0x4</size>
         <input_file_ref idref="fl-d3"/>
      </object_component>
      <object_component id="oc-148">
         <name>.text:abort:abort</name>
         <load_address>0x27fe</load_address>
         <run_address>0x27fe</run_address>
         <size>0x4</size>
         <input_file_ref idref="fl-d5"/>
      </object_component>
      <object_component id="oc-13b">
         <name>.const:$P$T0$1</name>
         <load_address>0x2804</load_address>
         <run_address>0x2804</run_address>
         <size>0x10</size>
         <input_file_ref idref="fl-2"/>
      </object_component>
      <object_component id="oc-13e">
         <name>.const:$P$T1$2</name>
         <load_address>0x2814</load_address>
         <run_address>0x2814</run_address>
         <size>0x10</size>
         <input_file_ref idref="fl-2"/>
      </object_component>
      <object_component id="oc-3ce">
         <name>.cinit..data.load</name>
         <load_address>0x2828</load_address>
         <run_address>0x2828</run_address>
         <size>0x6b</size>
      </object_component>
      <object_component id="oc-3cc">
         <name>__TI_handler_table</name>
         <load_address>0x2894</load_address>
         <run_address>0x2894</run_address>
         <size>0xc</size>
      </object_component>
      <object_component id="oc-3cf">
         <name>.cinit..bss.load</name>
         <load_address>0x28a0</load_address>
         <run_address>0x28a0</run_address>
         <size>0x8</size>
      </object_component>
      <object_component id="oc-3cd">
         <name>__TI_cinit_table</name>
         <load_address>0x28a8</load_address>
         <run_address>0x28a8</run_address>
         <size>0x10</size>
      </object_component>
      <object_component id="oc-3a0">
         <name>.binit</name>
         <load_address>0x0</load_address>
         <run_address>0x0</run_address>
         <size>0x0</size>
      </object_component>
      <object_component id="oc-186">
         <name>.data</name>
         <load_address>0x200009f8</load_address>
         <run_address>0x200009f8</run_address>
         <size>0x4</size>
         <input_file_ref idref="fl-4"/>
      </object_component>
      <object_component id="oc-196">
         <name>.data:_ftable</name>
         <load_address>0x20000810</load_address>
         <run_address>0x20000810</run_address>
         <size>0xf0</size>
         <input_file_ref idref="fl-c9"/>
      </object_component>
      <object_component id="oc-20e">
         <name>.data</name>
         <load_address>0x200009c8</load_address>
         <run_address>0x200009c8</run_address>
         <size>0x10</size>
         <input_file_ref idref="fl-c9"/>
      </object_component>
      <object_component id="oc-1b3">
         <name>.data</name>
         <load_address>0x200009f4</load_address>
         <run_address>0x200009f4</run_address>
         <size>0x4</size>
         <input_file_ref idref="fl-ca"/>
      </object_component>
      <object_component id="oc-1d0">
         <name>.data:$O1$$</name>
         <load_address>0x200009d8</load_address>
         <run_address>0x200009d8</run_address>
         <size>0xc</size>
         <input_file_ref idref="fl-d5"/>
      </object_component>
      <object_component id="oc-1b0">
         <name>.data:$O1$$</name>
         <load_address>0x200009e4</load_address>
         <run_address>0x200009e4</run_address>
         <size>0x8</size>
         <input_file_ref idref="fl-d6"/>
      </object_component>
      <object_component id="oc-2fe">
         <name>.data:$O1$$</name>
         <load_address>0x200009ec</load_address>
         <run_address>0x200009ec</run_address>
         <size>0x8</size>
         <input_file_ref idref="fl-d9"/>
      </object_component>
      <object_component id="oc-29b">
         <name>.data:_device</name>
         <load_address>0x20000900</load_address>
         <run_address>0x20000900</run_address>
         <size>0x78</size>
         <input_file_ref idref="fl-dc"/>
      </object_component>
      <object_component id="oc-258">
         <name>.data:_stream</name>
         <load_address>0x20000978</load_address>
         <run_address>0x20000978</run_address>
         <size>0x50</size>
         <input_file_ref idref="fl-dc"/>
      </object_component>
      <object_component id="oc-ec">
         <name>.bss</name>
         <uninitialized>true</uninitialized>
         <run_address>0x200003f4</run_address>
         <size>0x9</size>
         <input_file_ref idref="fl-5"/>
      </object_component>
      <object_component id="oc-fc">
         <name>.bss:ss</name>
         <uninitialized>true</uninitialized>
         <run_address>0x20000000</run_address>
         <size>0x220</size>
         <input_file_ref idref="fl-6"/>
      </object_component>
      <object_component id="oc-dd">
         <name>.bss:i2c_payload_struct</name>
         <uninitialized>true</uninitialized>
         <run_address>0x200003e0</run_address>
         <size>0x14</size>
         <input_file_ref idref="fl-8"/>
      </object_component>
      <object_component id="oc-34a">
         <name>.bss:_CIOBUF_</name>
         <uninitialized>true</uninitialized>
         <run_address>0x20000220</run_address>
         <size>0x120</size>
         <input_file_ref idref="fl-e6"/>
      </object_component>
      <object_component id="oc-10f">
         <name>.common:fruitPos</name>
         <uninitialized>true</uninitialized>
         <run_address>0x20000400</run_address>
         <size>0x8</size>
      </object_component>
      <object_component id="oc-316">
         <name>.common:__TI_tmpnams</name>
         <uninitialized>true</uninitialized>
         <run_address>0x20000340</run_address>
         <size>0xa0</size>
      </object_component>
      <object_component id="oc-325">
         <name>.common:parmbuf</name>
         <uninitialized>true</uninitialized>
         <run_address>0x20000408</run_address>
         <size>0x8</size>
      </object_component>
      <object_component id="oc-2c">
         <name>.sysmem</name>
         <uninitialized>true</uninitialized>
         <run_address>0x20000410</run_address>
         <size>0x10</size>
         <input_file_ref idref="fl-d9"/>
      </object_component>
      <object_component id="oc-3d2">
         <name>.sysmem</name>
         <uninitialized>true</uninitialized>
         <run_address>0x20000410</run_address>
         <size>0x0</size>
      </object_component>
      <object_component id="oc-29">
         <name>.stack</name>
         <uninitialized>true</uninitialized>
         <run_address>0x2000fe00</run_address>
         <size>0x4</size>
         <input_file_ref idref="fl-cb"/>
      </object_component>
      <object_component id="oc-3d1">
         <name>.stack</name>
         <uninitialized>true</uninitialized>
         <run_address>0x2000fe00</run_address>
         <size>0x0</size>
      </object_component>
      <object_component id="oc-147">
         <name>.debug_info</name>
         <load_address>0x0</load_address>
         <run_address>0x0</run_address>
         <size>0x6be</size>
         <input_file_ref idref="fl-2"/>
      </object_component>
      <object_component id="oc-13c">
         <name>.debug_info</name>
         <load_address>0x6be</load_address>
         <run_address>0x6be</run_address>
         <size>0xbf</size>
         <input_file_ref idref="fl-2"/>
      </object_component>
      <object_component id="oc-13f">
         <name>.debug_info</name>
         <load_address>0x77d</load_address>
         <run_address>0x77d</run_address>
         <size>0xbf</size>
         <input_file_ref idref="fl-2"/>
      </object_component>
      <object_component id="oc-b3">
         <name>.debug_info</name>
         <load_address>0x83c</load_address>
         <run_address>0x83c</run_address>
         <size>0x21a</size>
         <input_file_ref idref="fl-2"/>
      </object_component>
      <object_component id="oc-113">
         <name>.debug_info</name>
         <load_address>0xa56</load_address>
         <run_address>0xa56</run_address>
         <size>0x51</size>
         <input_file_ref idref="fl-2"/>
      </object_component>
      <object_component id="oc-f1">
         <name>.debug_info</name>
         <load_address>0xaa7</load_address>
         <run_address>0xaa7</run_address>
         <size>0x5a</size>
         <input_file_ref idref="fl-2"/>
      </object_component>
      <object_component id="oc-1ca">
         <name>.debug_info</name>
         <load_address>0xb01</load_address>
         <run_address>0xb01</run_address>
         <size>0x37e2</size>
         <input_file_ref idref="fl-2"/>
      </object_component>
      <object_component id="oc-142">
         <name>.debug_info</name>
         <load_address>0x42e3</load_address>
         <run_address>0x42e3</run_address>
         <size>0x151</size>
         <input_file_ref idref="fl-2"/>
      </object_component>
      <object_component id="oc-d2">
         <name>.debug_info</name>
         <load_address>0x4434</load_address>
         <run_address>0x4434</run_address>
         <size>0x86</size>
         <input_file_ref idref="fl-2"/>
      </object_component>
      <object_component id="oc-11a">
         <name>.debug_info</name>
         <load_address>0x44ba</load_address>
         <run_address>0x44ba</run_address>
         <size>0x26b</size>
         <input_file_ref idref="fl-2"/>
      </object_component>
      <object_component id="oc-19d">
         <name>.debug_info</name>
         <load_address>0x4725</load_address>
         <run_address>0x4725</run_address>
         <size>0x1055</size>
         <input_file_ref idref="fl-2"/>
      </object_component>
      <object_component id="oc-e2">
         <name>.debug_info</name>
         <load_address>0x577a</load_address>
         <run_address>0x577a</run_address>
         <size>0x8b</size>
         <input_file_ref idref="fl-2"/>
      </object_component>
      <object_component id="oc-1a7">
         <name>.debug_info</name>
         <load_address>0x5805</load_address>
         <run_address>0x5805</run_address>
         <size>0x2a4</size>
         <input_file_ref idref="fl-2"/>
      </object_component>
      <object_component id="oc-e7">
         <name>.debug_info</name>
         <load_address>0x5aa9</load_address>
         <run_address>0x5aa9</run_address>
         <size>0xbb</size>
         <input_file_ref idref="fl-2"/>
      </object_component>
      <object_component id="oc-8a">
         <name>.debug_info</name>
         <load_address>0x5b64</load_address>
         <run_address>0x5b64</run_address>
         <size>0x2b9</size>
         <input_file_ref idref="fl-3"/>
      </object_component>
      <object_component id="oc-27">
         <name>.debug_info</name>
         <load_address>0x5e1d</load_address>
         <run_address>0x5e1d</run_address>
         <size>0xe5</size>
         <input_file_ref idref="fl-3"/>
      </object_component>
      <object_component id="oc-6c">
         <name>.debug_info</name>
         <load_address>0x5f02</load_address>
         <run_address>0x5f02</run_address>
         <size>0x1ac</size>
         <input_file_ref idref="fl-3"/>
      </object_component>
      <object_component id="oc-35">
         <name>.debug_info</name>
         <load_address>0x60ae</load_address>
         <run_address>0x60ae</run_address>
         <size>0x84</size>
         <input_file_ref idref="fl-3"/>
      </object_component>
      <object_component id="oc-1a2">
         <name>.debug_info</name>
         <load_address>0x6132</load_address>
         <run_address>0x6132</run_address>
         <size>0x527</size>
         <input_file_ref idref="fl-4"/>
      </object_component>
      <object_component id="oc-187">
         <name>.debug_info</name>
         <load_address>0x6659</load_address>
         <run_address>0x6659</run_address>
         <size>0xde</size>
         <input_file_ref idref="fl-4"/>
      </object_component>
      <object_component id="oc-c5">
         <name>.debug_info</name>
         <load_address>0x6737</load_address>
         <run_address>0x6737</run_address>
         <size>0x250</size>
         <input_file_ref idref="fl-4"/>
      </object_component>
      <object_component id="oc-d8">
         <name>.debug_info</name>
         <load_address>0x6987</load_address>
         <run_address>0x6987</run_address>
         <size>0x37e2</size>
         <input_file_ref idref="fl-4"/>
      </object_component>
      <object_component id="oc-f0">
         <name>.debug_info</name>
         <load_address>0xa169</load_address>
         <run_address>0xa169</run_address>
         <size>0x522</size>
         <input_file_ref idref="fl-5"/>
      </object_component>
      <object_component id="oc-ed">
         <name>.debug_info</name>
         <load_address>0xa68b</load_address>
         <run_address>0xa68b</run_address>
         <size>0xe2</size>
         <input_file_ref idref="fl-5"/>
      </object_component>
      <object_component id="oc-7e">
         <name>.debug_info</name>
         <load_address>0xa76d</load_address>
         <run_address>0xa76d</run_address>
         <size>0x36d</size>
         <input_file_ref idref="fl-5"/>
      </object_component>
      <object_component id="oc-110">
         <name>.debug_info</name>
         <load_address>0xaada</load_address>
         <run_address>0xaada</run_address>
         <size>0x5f5</size>
         <input_file_ref idref="fl-6"/>
      </object_component>
      <object_component id="oc-fd">
         <name>.debug_info</name>
         <load_address>0xb0cf</load_address>
         <run_address>0xb0cf</run_address>
         <size>0xb9</size>
         <input_file_ref idref="fl-6"/>
      </object_component>
      <object_component id="oc-86">
         <name>.debug_info</name>
         <load_address>0xb188</load_address>
         <run_address>0xb188</run_address>
         <size>0x82c</size>
         <input_file_ref idref="fl-6"/>
      </object_component>
      <object_component id="oc-1b9">
         <name>.debug_info</name>
         <load_address>0xb9b4</load_address>
         <run_address>0xb9b4</run_address>
         <size>0x9b</size>
         <input_file_ref idref="fl-6"/>
      </object_component>
      <object_component id="oc-1bf">
         <name>.debug_info</name>
         <load_address>0xba4f</load_address>
         <run_address>0xba4f</run_address>
         <size>0x573</size>
         <input_file_ref idref="fl-7"/>
      </object_component>
      <object_component id="oc-100">
         <name>.debug_info</name>
         <load_address>0xbfc2</load_address>
         <run_address>0xbfc2</run_address>
         <size>0x2b3</size>
         <input_file_ref idref="fl-7"/>
      </object_component>
      <object_component id="oc-e1">
         <name>.debug_info</name>
         <load_address>0xc275</load_address>
         <run_address>0xc275</run_address>
         <size>0x52e</size>
         <input_file_ref idref="fl-8"/>
      </object_component>
      <object_component id="oc-de">
         <name>.debug_info</name>
         <load_address>0xc7a3</load_address>
         <run_address>0xc7a3</run_address>
         <size>0xd8</size>
         <input_file_ref idref="fl-8"/>
      </object_component>
      <object_component id="oc-78">
         <name>.debug_info</name>
         <load_address>0xc87b</load_address>
         <run_address>0xc87b</run_address>
         <size>0x6f2</size>
         <input_file_ref idref="fl-8"/>
      </object_component>
      <object_component id="oc-d7">
         <name>.debug_info</name>
         <load_address>0xcf6d</load_address>
         <run_address>0xcf6d</run_address>
         <size>0x56f</size>
         <input_file_ref idref="fl-9"/>
      </object_component>
      <object_component id="oc-72">
         <name>.debug_info</name>
         <load_address>0xd4dc</load_address>
         <run_address>0xd4dc</run_address>
         <size>0x50e</size>
         <input_file_ref idref="fl-9"/>
      </object_component>
      <object_component id="oc-10b">
         <name>.debug_info</name>
         <load_address>0xd9ea</load_address>
         <run_address>0xd9ea</run_address>
         <size>0x122</size>
         <input_file_ref idref="fl-c3"/>
      </object_component>
      <object_component id="oc-107">
         <name>.debug_info</name>
         <load_address>0xdb0c</load_address>
         <run_address>0xdb0c</run_address>
         <size>0x122</size>
         <input_file_ref idref="fl-c4"/>
      </object_component>
      <object_component id="oc-a5">
         <name>.debug_info</name>
         <load_address>0xdc2e</load_address>
         <run_address>0xdc2e</run_address>
         <size>0x2d4</size>
         <input_file_ref idref="fl-c5"/>
      </object_component>
      <object_component id="oc-4d">
         <name>.debug_info</name>
         <load_address>0xdf02</load_address>
         <run_address>0xdf02</run_address>
         <size>0x1b5</size>
         <input_file_ref idref="fl-c5"/>
      </object_component>
      <object_component id="oc-a0">
         <name>.debug_info</name>
         <load_address>0xe0b7</load_address>
         <run_address>0xe0b7</run_address>
         <size>0x46</size>
         <input_file_ref idref="fl-c5"/>
      </object_component>
      <object_component id="oc-132">
         <name>.debug_info</name>
         <load_address>0xe0fd</load_address>
         <run_address>0xe0fd</run_address>
         <size>0x2c</size>
         <input_file_ref idref="fl-c5"/>
      </object_component>
      <object_component id="oc-45">
         <name>.debug_info</name>
         <load_address>0xe129</load_address>
         <run_address>0xe129</run_address>
         <size>0x2a8</size>
         <input_file_ref idref="fl-c6"/>
      </object_component>
      <object_component id="oc-20">
         <name>.debug_info</name>
         <load_address>0xe3d1</load_address>
         <run_address>0xe3d1</run_address>
         <size>0x1ea</size>
         <input_file_ref idref="fl-c6"/>
      </object_component>
      <object_component id="oc-40">
         <name>.debug_info</name>
         <load_address>0xe5bb</load_address>
         <run_address>0xe5bb</run_address>
         <size>0x46</size>
         <input_file_ref idref="fl-c6"/>
      </object_component>
      <object_component id="oc-98">
         <name>.debug_info</name>
         <load_address>0xe601</load_address>
         <run_address>0xe601</run_address>
         <size>0x2c</size>
         <input_file_ref idref="fl-c6"/>
      </object_component>
      <object_component id="oc-96">
         <name>.debug_info</name>
         <load_address>0xe62d</load_address>
         <run_address>0xe62d</run_address>
         <size>0x29e</size>
         <input_file_ref idref="fl-c7"/>
      </object_component>
      <object_component id="oc-1b">
         <name>.debug_info</name>
         <load_address>0xe8cb</load_address>
         <run_address>0xe8cb</run_address>
         <size>0x250</size>
         <input_file_ref idref="fl-c7"/>
      </object_component>
      <object_component id="oc-30">
         <name>.debug_info</name>
         <load_address>0xeb1b</load_address>
         <run_address>0xeb1b</run_address>
         <size>0x60</size>
         <input_file_ref idref="fl-c7"/>
      </object_component>
      <object_component id="oc-12b">
         <name>.debug_info</name>
         <load_address>0xeb7b</load_address>
         <run_address>0xeb7b</run_address>
         <size>0x46</size>
         <input_file_ref idref="fl-c7"/>
      </object_component>
      <object_component id="oc-91">
         <name>.debug_info</name>
         <load_address>0xebc1</load_address>
         <run_address>0xebc1</run_address>
         <size>0x39</size>
         <input_file_ref idref="fl-c7"/>
      </object_component>
      <object_component id="oc-19a">
         <name>.debug_info</name>
         <load_address>0xebfa</load_address>
         <run_address>0xebfa</run_address>
         <size>0x322</size>
         <input_file_ref idref="fl-c8"/>
      </object_component>
      <object_component id="oc-cc">
         <name>.debug_info</name>
         <load_address>0xef1c</load_address>
         <run_address>0xef1c</run_address>
         <size>0x177</size>
         <input_file_ref idref="fl-c8"/>
      </object_component>
      <object_component id="oc-219">
         <name>.debug_info</name>
         <load_address>0xf093</load_address>
         <run_address>0xf093</run_address>
         <size>0xb2</size>
         <input_file_ref idref="fl-c8"/>
      </object_component>
      <object_component id="oc-215">
         <name>.debug_info</name>
         <load_address>0xf145</load_address>
         <run_address>0xf145</run_address>
         <size>0x144</size>
         <input_file_ref idref="fl-c9"/>
      </object_component>
      <object_component id="oc-197">
         <name>.debug_info</name>
         <load_address>0xf289</load_address>
         <run_address>0xf289</run_address>
         <size>0x102</size>
         <input_file_ref idref="fl-c9"/>
      </object_component>
      <object_component id="oc-20f">
         <name>.debug_info</name>
         <load_address>0xf38b</load_address>
         <run_address>0xf38b</run_address>
         <size>0x18f</size>
         <input_file_ref idref="fl-c9"/>
      </object_component>
      <object_component id="oc-1b4">
         <name>.debug_info</name>
         <load_address>0xf51a</load_address>
         <run_address>0xf51a</run_address>
         <size>0xfb</size>
         <input_file_ref idref="fl-ca"/>
      </object_component>
      <object_component id="oc-f7">
         <name>.debug_info</name>
         <load_address>0xf615</load_address>
         <run_address>0xf615</run_address>
         <size>0x13d</size>
         <input_file_ref idref="fl-ca"/>
      </object_component>
      <object_component id="oc-2a">
         <name>.debug_info</name>
         <load_address>0xf752</load_address>
         <run_address>0xf752</run_address>
         <size>0x10b</size>
         <input_file_ref idref="fl-cb"/>
      </object_component>
      <object_component id="oc-5a">
         <name>.debug_info</name>
         <load_address>0xf85d</load_address>
         <run_address>0xf85d</run_address>
         <size>0x1a9</size>
         <input_file_ref idref="fl-cb"/>
      </object_component>
      <object_component id="oc-212">
         <name>.debug_info</name>
         <load_address>0xfa06</load_address>
         <run_address>0xfa06</run_address>
         <size>0x347</size>
         <input_file_ref idref="fl-cc"/>
      </object_component>
      <object_component id="oc-204">
         <name>.debug_info</name>
         <load_address>0xfd4d</load_address>
         <run_address>0xfd4d</run_address>
         <size>0x18a</size>
         <input_file_ref idref="fl-cc"/>
      </object_component>
      <object_component id="oc-192">
         <name>.debug_info</name>
         <load_address>0xfed7</load_address>
         <run_address>0xfed7</run_address>
         <size>0x1c8</size>
         <input_file_ref idref="fl-cc"/>
      </object_component>
      <object_component id="oc-20d">
         <name>.debug_info</name>
         <load_address>0x1009f</load_address>
         <run_address>0x1009f</run_address>
         <size>0x3fc</size>
         <input_file_ref idref="fl-cd"/>
      </object_component>
      <object_component id="oc-18e">
         <name>.debug_info</name>
         <load_address>0x1049b</load_address>
         <run_address>0x1049b</run_address>
         <size>0x2e2</size>
         <input_file_ref idref="fl-cd"/>
      </object_component>
      <object_component id="oc-252">
         <name>.debug_info</name>
         <load_address>0x1077d</load_address>
         <run_address>0x1077d</run_address>
         <size>0x300</size>
         <input_file_ref idref="fl-ce"/>
      </object_component>
      <object_component id="oc-1ef">
         <name>.debug_info</name>
         <load_address>0x10a7d</load_address>
         <run_address>0x10a7d</run_address>
         <size>0x19c</size>
         <input_file_ref idref="fl-ce"/>
      </object_component>
      <object_component id="oc-290">
         <name>.debug_info</name>
         <load_address>0x10c19</load_address>
         <run_address>0x10c19</run_address>
         <size>0xbf</size>
         <input_file_ref idref="fl-ce"/>
      </object_component>
      <object_component id="oc-28f">
         <name>.debug_info</name>
         <load_address>0x10cd8</load_address>
         <run_address>0x10cd8</run_address>
         <size>0x374</size>
         <input_file_ref idref="fl-cf"/>
      </object_component>
      <object_component id="oc-24c">
         <name>.debug_info</name>
         <load_address>0x1104c</load_address>
         <run_address>0x1104c</run_address>
         <size>0x20b</size>
         <input_file_ref idref="fl-cf"/>
      </object_component>
      <object_component id="oc-3d">
         <name>.debug_info</name>
         <load_address>0x11257</load_address>
         <run_address>0x11257</run_address>
         <size>0x119</size>
         <input_file_ref idref="fl-d0"/>
      </object_component>
      <object_component id="oc-a9">
         <name>.debug_info</name>
         <load_address>0x11370</load_address>
         <run_address>0x11370</run_address>
         <size>0x147</size>
         <input_file_ref idref="fl-d1"/>
      </object_component>
      <object_component id="oc-1d7">
         <name>.debug_info</name>
         <load_address>0x114b7</load_address>
         <run_address>0x114b7</run_address>
         <size>0x4b3</size>
         <input_file_ref idref="fl-d2"/>
      </object_component>
      <object_component id="oc-157">
         <name>.debug_info</name>
         <load_address>0x1196a</load_address>
         <run_address>0x1196a</run_address>
         <size>0x1a6</size>
         <input_file_ref idref="fl-d2"/>
      </object_component>
      <object_component id="oc-234">
         <name>.debug_info</name>
         <load_address>0x11b10</load_address>
         <run_address>0x11b10</run_address>
         <size>0x39</size>
         <input_file_ref idref="fl-d2"/>
      </object_component>
      <object_component id="oc-268">
         <name>.debug_info</name>
         <load_address>0x11b49</load_address>
         <run_address>0x11b49</run_address>
         <size>0x39</size>
         <input_file_ref idref="fl-d2"/>
      </object_component>
      <object_component id="oc-239">
         <name>.debug_info</name>
         <load_address>0x11b82</load_address>
         <run_address>0x11b82</run_address>
         <size>0x39</size>
         <input_file_ref idref="fl-d2"/>
      </object_component>
      <object_component id="oc-23e">
         <name>.debug_info</name>
         <load_address>0x11bbb</load_address>
         <run_address>0x11bbb</run_address>
         <size>0xcd</size>
         <input_file_ref idref="fl-d2"/>
      </object_component>
      <object_component id="oc-ae">
         <name>.debug_info</name>
         <load_address>0x11c88</load_address>
         <run_address>0x11c88</run_address>
         <size>0x153</size>
         <input_file_ref idref="fl-d3"/>
      </object_component>
      <object_component id="oc-1d4">
         <name>.debug_info</name>
         <load_address>0x11ddb</load_address>
         <run_address>0x11ddb</run_address>
         <size>0x3ad</size>
         <input_file_ref idref="fl-d5"/>
      </object_component>
      <object_component id="oc-1d1">
         <name>.debug_info</name>
         <load_address>0x12188</load_address>
         <run_address>0x12188</run_address>
         <size>0x190</size>
         <input_file_ref idref="fl-d5"/>
      </object_component>
      <object_component id="oc-149">
         <name>.debug_info</name>
         <load_address>0x12318</load_address>
         <run_address>0x12318</run_address>
         <size>0x122</size>
         <input_file_ref idref="fl-d5"/>
      </object_component>
      <object_component id="oc-14f">
         <name>.debug_info</name>
         <load_address>0x1243a</load_address>
         <run_address>0x1243a</run_address>
         <size>0x184</size>
         <input_file_ref idref="fl-d5"/>
      </object_component>
      <object_component id="oc-228">
         <name>.debug_info</name>
         <load_address>0x125be</load_address>
         <run_address>0x125be</run_address>
         <size>0x2c9</size>
         <input_file_ref idref="fl-d6"/>
      </object_component>
      <object_component id="oc-1b1">
         <name>.debug_info</name>
         <load_address>0x12887</load_address>
         <run_address>0x12887</run_address>
         <size>0x11e</size>
         <input_file_ref idref="fl-d6"/>
      </object_component>
      <object_component id="oc-222">
         <name>.debug_info</name>
         <load_address>0x129a5</load_address>
         <run_address>0x129a5</run_address>
         <size>0x12e</size>
         <input_file_ref idref="fl-d6"/>
      </object_component>
      <object_component id="oc-256">
         <name>.debug_info</name>
         <load_address>0x12ad3</load_address>
         <run_address>0x12ad3</run_address>
         <size>0x2a5</size>
         <input_file_ref idref="fl-d8"/>
      </object_component>
      <object_component id="oc-1fc">
         <name>.debug_info</name>
         <load_address>0x12d78</load_address>
         <run_address>0x12d78</run_address>
         <size>0x25d</size>
         <input_file_ref idref="fl-d8"/>
      </object_component>
      <object_component id="oc-8f">
         <name>.debug_info</name>
         <load_address>0x12fd5</load_address>
         <run_address>0x12fd5</run_address>
         <size>0x3b2</size>
         <input_file_ref idref="fl-d9"/>
      </object_component>
      <object_component id="oc-2d">
         <name>.debug_info</name>
         <load_address>0x13387</load_address>
         <run_address>0x13387</run_address>
         <size>0x10c</size>
         <input_file_ref idref="fl-d9"/>
      </object_component>
      <object_component id="oc-2ff">
         <name>.debug_info</name>
         <load_address>0x13493</load_address>
         <run_address>0x13493</run_address>
         <size>0x13f</size>
         <input_file_ref idref="fl-d9"/>
      </object_component>
      <object_component id="oc-283">
         <name>.debug_info</name>
         <load_address>0x135d2</load_address>
         <run_address>0x135d2</run_address>
         <size>0x168</size>
         <input_file_ref idref="fl-d9"/>
      </object_component>
      <object_component id="oc-2b3">
         <name>.debug_info</name>
         <load_address>0x1373a</load_address>
         <run_address>0x1373a</run_address>
         <size>0x18e</size>
         <input_file_ref idref="fl-d9"/>
      </object_component>
      <object_component id="oc-2ba">
         <name>.debug_info</name>
         <load_address>0x138c8</load_address>
         <run_address>0x138c8</run_address>
         <size>0x19f</size>
         <input_file_ref idref="fl-d9"/>
      </object_component>
      <object_component id="oc-27e">
         <name>.debug_info</name>
         <load_address>0x13a67</load_address>
         <run_address>0x13a67</run_address>
         <size>0x203</size>
         <input_file_ref idref="fl-d9"/>
      </object_component>
      <object_component id="oc-305">
         <name>.debug_info</name>
         <load_address>0x13c6a</load_address>
         <run_address>0x13c6a</run_address>
         <size>0x1db</size>
         <input_file_ref idref="fl-d9"/>
      </object_component>
      <object_component id="oc-2c0">
         <name>.debug_info</name>
         <load_address>0x13e45</load_address>
         <run_address>0x13e45</run_address>
         <size>0x299</size>
         <input_file_ref idref="fl-d9"/>
      </object_component>
      <object_component id="oc-126">
         <name>.debug_info</name>
         <load_address>0x140de</load_address>
         <run_address>0x140de</run_address>
         <size>0xb2</size>
         <input_file_ref idref="fl-d9"/>
      </object_component>
      <object_component id="oc-121">
         <name>.debug_info</name>
         <load_address>0x14190</load_address>
         <run_address>0x14190</run_address>
         <size>0x2c</size>
         <input_file_ref idref="fl-d9"/>
      </object_component>
      <object_component id="oc-254">
         <name>.debug_info</name>
         <load_address>0x141bc</load_address>
         <run_address>0x141bc</run_address>
         <size>0x28f</size>
         <input_file_ref idref="fl-da"/>
      </object_component>
      <object_component id="oc-1f7">
         <name>.debug_info</name>
         <load_address>0x1444b</load_address>
         <run_address>0x1444b</run_address>
         <size>0x245</size>
         <input_file_ref idref="fl-da"/>
      </object_component>
      <object_component id="oc-25c">
         <name>.debug_info</name>
         <load_address>0x14690</load_address>
         <run_address>0x14690</run_address>
         <size>0x397</size>
         <input_file_ref idref="fl-db"/>
      </object_component>
      <object_component id="oc-209">
         <name>.debug_info</name>
         <load_address>0x14a27</load_address>
         <run_address>0x14a27</run_address>
         <size>0x18f</size>
         <input_file_ref idref="fl-db"/>
      </object_component>
      <object_component id="oc-2a3">
         <name>.debug_info</name>
         <load_address>0x14bb6</load_address>
         <run_address>0x14bb6</run_address>
         <size>0x120</size>
         <input_file_ref idref="fl-db"/>
      </object_component>
      <object_component id="oc-2a8">
         <name>.debug_info</name>
         <load_address>0x14cd6</load_address>
         <run_address>0x14cd6</run_address>
         <size>0x2c</size>
         <input_file_ref idref="fl-db"/>
      </object_component>
      <object_component id="oc-2a0">
         <name>.debug_info</name>
         <load_address>0x14d02</load_address>
         <run_address>0x14d02</run_address>
         <size>0x337</size>
         <input_file_ref idref="fl-dc"/>
      </object_component>
      <object_component id="oc-29c">
         <name>.debug_info</name>
         <load_address>0x15039</load_address>
         <run_address>0x15039</run_address>
         <size>0x109</size>
         <input_file_ref idref="fl-dc"/>
      </object_component>
      <object_component id="oc-259">
         <name>.debug_info</name>
         <load_address>0x15142</load_address>
         <run_address>0x15142</run_address>
         <size>0x109</size>
         <input_file_ref idref="fl-dc"/>
      </object_component>
      <object_component id="oc-28b">
         <name>.debug_info</name>
         <load_address>0x1524b</load_address>
         <run_address>0x1524b</run_address>
         <size>0x176</size>
         <input_file_ref idref="fl-dd"/>
      </object_component>
      <object_component id="oc-27b">
         <name>.debug_info</name>
         <load_address>0x153c1</load_address>
         <run_address>0x153c1</run_address>
         <size>0x324</size>
         <input_file_ref idref="fl-de"/>
      </object_component>
      <object_component id="oc-247">
         <name>.debug_info</name>
         <load_address>0x156e5</load_address>
         <run_address>0x156e5</run_address>
         <size>0x1ec</size>
         <input_file_ref idref="fl-de"/>
      </object_component>
      <object_component id="oc-32a">
         <name>.debug_info</name>
         <load_address>0x158d1</load_address>
         <run_address>0x158d1</run_address>
         <size>0x373</size>
         <input_file_ref idref="fl-df"/>
      </object_component>
      <object_component id="oc-2d5">
         <name>.debug_info</name>
         <load_address>0x15c44</load_address>
         <run_address>0x15c44</run_address>
         <size>0x1bc</size>
         <input_file_ref idref="fl-df"/>
      </object_component>
      <object_component id="oc-330">
         <name>.debug_info</name>
         <load_address>0x15e00</load_address>
         <run_address>0x15e00</run_address>
         <size>0x378</size>
         <input_file_ref idref="fl-e0"/>
      </object_component>
      <object_component id="oc-2ea">
         <name>.debug_info</name>
         <load_address>0x16178</load_address>
         <run_address>0x16178</run_address>
         <size>0x210</size>
         <input_file_ref idref="fl-e0"/>
      </object_component>
      <object_component id="oc-326">
         <name>.debug_info</name>
         <load_address>0x16388</load_address>
         <run_address>0x16388</run_address>
         <size>0x3a3</size>
         <input_file_ref idref="fl-e1"/>
      </object_component>
      <object_component id="oc-2d2">
         <name>.debug_info</name>
         <load_address>0x1672b</load_address>
         <run_address>0x1672b</run_address>
         <size>0x20c</size>
         <input_file_ref idref="fl-e1"/>
      </object_component>
      <object_component id="oc-32c">
         <name>.debug_info</name>
         <load_address>0x16937</load_address>
         <run_address>0x16937</run_address>
         <size>0x377</size>
         <input_file_ref idref="fl-e2"/>
      </object_component>
      <object_component id="oc-2dd">
         <name>.debug_info</name>
         <load_address>0x16cae</load_address>
         <run_address>0x16cae</run_address>
         <size>0x1fb</size>
         <input_file_ref idref="fl-e2"/>
      </object_component>
      <object_component id="oc-33a">
         <name>.debug_info</name>
         <load_address>0x16ea9</load_address>
         <run_address>0x16ea9</run_address>
         <size>0x3d5</size>
         <input_file_ref idref="fl-e3"/>
      </object_component>
      <object_component id="oc-2f5">
         <name>.debug_info</name>
         <load_address>0x1727e</load_address>
         <run_address>0x1727e</run_address>
         <size>0x236</size>
         <input_file_ref idref="fl-e3"/>
      </object_component>
      <object_component id="oc-332">
         <name>.debug_info</name>
         <load_address>0x174b4</load_address>
         <run_address>0x174b4</run_address>
         <size>0x396</size>
         <input_file_ref idref="fl-e4"/>
      </object_component>
      <object_component id="oc-2f0">
         <name>.debug_info</name>
         <load_address>0x1784a</load_address>
         <run_address>0x1784a</run_address>
         <size>0x1c6</size>
         <input_file_ref idref="fl-e4"/>
      </object_component>
      <object_component id="oc-32e">
         <name>.debug_info</name>
         <load_address>0x17a10</load_address>
         <run_address>0x17a10</run_address>
         <size>0x378</size>
         <input_file_ref idref="fl-e5"/>
      </object_component>
      <object_component id="oc-2e4">
         <name>.debug_info</name>
         <load_address>0x17d88</load_address>
         <run_address>0x17d88</run_address>
         <size>0x200</size>
         <input_file_ref idref="fl-e5"/>
      </object_component>
      <object_component id="oc-34e">
         <name>.debug_info</name>
         <load_address>0x17f88</load_address>
         <run_address>0x17f88</run_address>
         <size>0x2bb</size>
         <input_file_ref idref="fl-e6"/>
      </object_component>
      <object_component id="oc-34b">
         <name>.debug_info</name>
         <load_address>0x18243</load_address>
         <run_address>0x18243</run_address>
         <size>0x108</size>
         <input_file_ref idref="fl-e6"/>
      </object_component>
      <object_component id="oc-31a">
         <name>.debug_info</name>
         <load_address>0x1834b</load_address>
         <run_address>0x1834b</run_address>
         <size>0x1df</size>
         <input_file_ref idref="fl-e6"/>
      </object_component>
      <object_component id="oc-320">
         <name>.debug_info</name>
         <load_address>0x1852a</load_address>
         <run_address>0x1852a</run_address>
         <size>0x19a</size>
         <input_file_ref idref="fl-e6"/>
      </object_component>
      <object_component id="oc-2ae">
         <name>.debug_info</name>
         <load_address>0x186c4</load_address>
         <run_address>0x186c4</run_address>
         <size>0x397</size>
         <input_file_ref idref="fl-e8"/>
      </object_component>
      <object_component id="oc-276">
         <name>.debug_info</name>
         <load_address>0x18a5b</load_address>
         <run_address>0x18a5b</run_address>
         <size>0x195</size>
         <input_file_ref idref="fl-e8"/>
      </object_component>
      <object_component id="oc-318">
         <name>.debug_info</name>
         <load_address>0x18bf0</load_address>
         <run_address>0x18bf0</run_address>
         <size>0x3a5</size>
         <input_file_ref idref="fl-e9"/>
      </object_component>
      <object_component id="oc-2c6">
         <name>.debug_info</name>
         <load_address>0x18f95</load_address>
         <run_address>0x18f95</run_address>
         <size>0x1f3</size>
         <input_file_ref idref="fl-e9"/>
      </object_component>
      <object_component id="oc-375">
         <name>.debug_info</name>
         <load_address>0x19188</load_address>
         <run_address>0x19188</run_address>
         <size>0x42c</size>
         <input_file_ref idref="fl-ea"/>
      </object_component>
      <object_component id="oc-36f">
         <name>.debug_info</name>
         <load_address>0x195b4</load_address>
         <run_address>0x195b4</run_address>
         <size>0x192</size>
         <input_file_ref idref="fl-ea"/>
      </object_component>
      <object_component id="oc-344">
         <name>.debug_info</name>
         <load_address>0x19746</load_address>
         <run_address>0x19746</run_address>
         <size>0x1eb</size>
         <input_file_ref idref="fl-ea"/>
      </object_component>
      <object_component id="oc-378">
         <name>.debug_info</name>
         <load_address>0x19931</load_address>
         <run_address>0x19931</run_address>
         <size>0xea</size>
         <input_file_ref idref="fl-ea"/>
      </object_component>
      <object_component id="oc-390">
         <name>.debug_info</name>
         <load_address>0x19a1b</load_address>
         <run_address>0x19a1b</run_address>
         <size>0x2c</size>
         <input_file_ref idref="fl-ea"/>
      </object_component>
      <object_component id="oc-384">
         <name>.debug_info</name>
         <load_address>0x19a47</load_address>
         <run_address>0x19a47</run_address>
         <size>0x29a</size>
         <input_file_ref idref="fl-eb"/>
      </object_component>
      <object_component id="oc-366">
         <name>.debug_info</name>
         <load_address>0x19ce1</load_address>
         <run_address>0x19ce1</run_address>
         <size>0x262</size>
         <input_file_ref idref="fl-eb"/>
      </object_component>
      <object_component id="oc-39a">
         <name>.debug_info</name>
         <load_address>0x19f43</load_address>
         <run_address>0x19f43</run_address>
         <size>0x28a</size>
         <input_file_ref idref="fl-ec"/>
      </object_component>
      <object_component id="oc-389">
         <name>.debug_info</name>
         <load_address>0x1a1cd</load_address>
         <run_address>0x1a1cd</run_address>
         <size>0x273</size>
         <input_file_ref idref="fl-ec"/>
      </object_component>
      <object_component id="oc-35d">
         <name>.debug_info</name>
         <load_address>0x1a440</load_address>
         <run_address>0x1a440</run_address>
         <size>0x2a4</size>
         <input_file_ref idref="fl-ed"/>
      </object_component>
      <object_component id="oc-334">
         <name>.debug_info</name>
         <load_address>0x1a6e4</load_address>
         <run_address>0x1a6e4</run_address>
         <size>0x24d</size>
         <input_file_ref idref="fl-ed"/>
      </object_component>
      <object_component id="oc-386">
         <name>.debug_info</name>
         <load_address>0x1a931</load_address>
         <run_address>0x1a931</run_address>
         <size>0x2af</size>
         <input_file_ref idref="fl-ee"/>
      </object_component>
      <object_component id="oc-369">
         <name>.debug_info</name>
         <load_address>0x1abe0</load_address>
         <run_address>0x1abe0</run_address>
         <size>0x277</size>
         <input_file_ref idref="fl-ee"/>
      </object_component>
      <object_component id="oc-33f">
         <name>.debug_info</name>
         <load_address>0x1ae57</load_address>
         <run_address>0x1ae57</run_address>
         <size>0x3cf</size>
         <input_file_ref idref="fl-f0"/>
      </object_component>
      <object_component id="oc-30d">
         <name>.debug_info</name>
         <load_address>0x1b226</load_address>
         <run_address>0x1b226</run_address>
         <size>0x195</size>
         <input_file_ref idref="fl-f0"/>
      </object_component>
      <object_component id="oc-347">
         <name>.debug_info</name>
         <load_address>0x1b3bb</load_address>
         <run_address>0x1b3bb</run_address>
         <size>0x3d1</size>
         <input_file_ref idref="fl-f1"/>
      </object_component>
      <object_component id="oc-313">
         <name>.debug_info</name>
         <load_address>0x1b78c</load_address>
         <run_address>0x1b78c</run_address>
         <size>0x1a5</size>
         <input_file_ref idref="fl-f1"/>
      </object_component>
      <object_component id="oc-3d3">
         <name>.debug_info</name>
         <load_address>0x1b931</load_address>
         <run_address>0x1b931</run_address>
         <size>0x91</size>
      </object_component>
      <object_component id="oc-1c9">
         <name>.debug_line</name>
         <load_address>0x0</load_address>
         <run_address>0x0</run_address>
         <size>0x11e</size>
         <input_file_ref idref="fl-2"/>
      </object_component>
      <object_component id="oc-1c5">
         <name>.debug_line</name>
         <load_address>0x11e</load_address>
         <run_address>0x11e</run_address>
         <size>0x2d</size>
         <input_file_ref idref="fl-2"/>
      </object_component>
      <object_component id="oc-1c7">
         <name>.debug_line</name>
         <load_address>0x14b</load_address>
         <run_address>0x14b</run_address>
         <size>0x2d</size>
         <input_file_ref idref="fl-2"/>
      </object_component>
      <object_component id="oc-b6">
         <name>.debug_line</name>
         <load_address>0x178</load_address>
         <run_address>0x178</run_address>
         <size>0x6f</size>
         <input_file_ref idref="fl-2"/>
      </object_component>
      <object_component id="oc-116">
         <name>.debug_line</name>
         <load_address>0x1e7</load_address>
         <run_address>0x1e7</run_address>
         <size>0x53</size>
         <input_file_ref idref="fl-2"/>
      </object_component>
      <object_component id="oc-f4">
         <name>.debug_line</name>
         <load_address>0x23a</load_address>
         <run_address>0x23a</run_address>
         <size>0x52</size>
         <input_file_ref idref="fl-2"/>
      </object_component>
      <object_component id="oc-1cd">
         <name>.debug_line</name>
         <load_address>0x28c</load_address>
         <run_address>0x28c</run_address>
         <size>0x58</size>
         <input_file_ref idref="fl-2"/>
      </object_component>
      <object_component id="oc-145">
         <name>.debug_line</name>
         <load_address>0x2e4</load_address>
         <run_address>0x2e4</run_address>
         <size>0x52</size>
         <input_file_ref idref="fl-2"/>
      </object_component>
      <object_component id="oc-d5">
         <name>.debug_line</name>
         <load_address>0x336</load_address>
         <run_address>0x336</run_address>
         <size>0x55</size>
         <input_file_ref idref="fl-2"/>
      </object_component>
      <object_component id="oc-11d">
         <name>.debug_line</name>
         <load_address>0x38b</load_address>
         <run_address>0x38b</run_address>
         <size>0x6f</size>
         <input_file_ref idref="fl-2"/>
      </object_component>
      <object_component id="oc-1a0">
         <name>.debug_line</name>
         <load_address>0x3fa</load_address>
         <run_address>0x3fa</run_address>
         <size>0x5b</size>
         <input_file_ref idref="fl-2"/>
      </object_component>
      <object_component id="oc-e5">
         <name>.debug_line</name>
         <load_address>0x455</load_address>
         <run_address>0x455</run_address>
         <size>0x20</size>
         <input_file_ref idref="fl-2"/>
      </object_component>
      <object_component id="oc-1aa">
         <name>.debug_line</name>
         <load_address>0x475</load_address>
         <run_address>0x475</run_address>
         <size>0x73</size>
         <input_file_ref idref="fl-2"/>
      </object_component>
      <object_component id="oc-ea">
         <name>.debug_line</name>
         <load_address>0x4e8</load_address>
         <run_address>0x4e8</run_address>
         <size>0x70</size>
         <input_file_ref idref="fl-2"/>
      </object_component>
      <object_component id="oc-119">
         <name>.debug_line</name>
         <load_address>0x558</load_address>
         <run_address>0x558</run_address>
         <size>0x40</size>
         <input_file_ref idref="fl-3"/>
      </object_component>
      <object_component id="oc-89">
         <name>.debug_line</name>
         <load_address>0x598</load_address>
         <run_address>0x598</run_address>
         <size>0x40</size>
         <input_file_ref idref="fl-3"/>
      </object_component>
      <object_component id="oc-6b">
         <name>.debug_line</name>
         <load_address>0x5d8</load_address>
         <run_address>0x5d8</run_address>
         <size>0x71</size>
         <input_file_ref idref="fl-3"/>
      </object_component>
      <object_component id="oc-38">
         <name>.debug_line</name>
         <load_address>0x649</load_address>
         <run_address>0x649</run_address>
         <size>0x20</size>
         <input_file_ref idref="fl-3"/>
      </object_component>
      <object_component id="oc-21f">
         <name>.debug_line</name>
         <load_address>0x669</load_address>
         <run_address>0x669</run_address>
         <size>0x20</size>
         <input_file_ref idref="fl-4"/>
      </object_component>
      <object_component id="oc-1ed">
         <name>.debug_line</name>
         <load_address>0x689</load_address>
         <run_address>0x689</run_address>
         <size>0x3b</size>
         <input_file_ref idref="fl-4"/>
      </object_component>
      <object_component id="oc-c8">
         <name>.debug_line</name>
         <load_address>0x6c4</load_address>
         <run_address>0x6c4</run_address>
         <size>0x134</size>
         <input_file_ref idref="fl-4"/>
      </object_component>
      <object_component id="oc-db">
         <name>.debug_line</name>
         <load_address>0x7f8</load_address>
         <run_address>0x7f8</run_address>
         <size>0x58</size>
         <input_file_ref idref="fl-4"/>
      </object_component>
      <object_component id="oc-1af">
         <name>.debug_line</name>
         <load_address>0x850</load_address>
         <run_address>0x850</run_address>
         <size>0x20</size>
         <input_file_ref idref="fl-5"/>
      </object_component>
      <object_component id="oc-1ad">
         <name>.debug_line</name>
         <load_address>0x870</load_address>
         <run_address>0x870</run_address>
[...]
      </symbol>
      <symbol id="sm-1ca">
         <name>update_game_graphics</name>
         <value>0x18bd</value>
         <object_component_ref idref="oc-ff"/>
      </symbol>
      <symbol id="sm-1cb">
         <name>graphics_setup</name>
         <value>0x196d</value>
         <object_component_ref idref="oc-ff"/>
      </symbol>
      <symbol id="sm-224">
         <name>i2c_openChecker</name>
         <value>0xd5f</value>
         <object_component_ref idref="oc-76"/>
      </symbol>
      <symbol id="sm-225">
         <name>i2c_start</name>
         <value>0xef1</value>
         <object_component_ref idref="oc-76"/>
      </symbol>
      <symbol id="sm-226">
         <name>bus_clear</name>
         <value>0xde5</value>
         <object_component_ref idref="oc-76"/>
      </symbol>
      <symbol id="sm-227">
         <name>EUSCIB0_IRQHandler</name>
         <value>0x10d1</value>
         <object_component_ref idref="oc-76"/>
      </symbol>
      <symbol id="sm-228">
         <name>i2c_open</name>
         <value>0xe3b</value>
         <object_component_ref idref="oc-76"/>
      </symbol>
      <symbol id="sm-259">
         <name>timera_test</name>
         <value>0x8c7</value>
         <object_component_ref idref="oc-70"/>
      </symbol>
      <symbol id="sm-25a">
         <name>timera_setup</name>
         <value>0x725</value>
         <object_component_ref idref="oc-70"/>
      </symbol>
      <symbol id="sm-25b">
         <name>timera_start</name>
         <value>0x891</value>
         <object_component_ref idref="oc-70"/>
      </symbol>
      <symbol id="sm-25c">
         <name>TA1_N_IRQHandler</name>
         <value>0x931</value>
         <object_component_ref idref="oc-70"/>
      </symbol>
      <symbol id="sm-25d">
         <name>timera_stop</name>
         <value>0x8b7</value>
         <object_component_ref idref="oc-70"/>
      </symbol>
      <symbol id="sm-25e">
         <name>TA0_N_IRQHandler</name>
         <value>0x90b</value>
         <object_component_ref idref="oc-70"/>
      </symbol>
      <symbol id="sm-267">
         <name>__aeabi_llsl</name>
         <value>0x2701</value>
         <object_component_ref idref="oc-10a"/>
      </symbol>
      <symbol id="sm-270">
         <name>__aeabi_llsr</name>
         <value>0x271f</value>
         <object_component_ref idref="oc-105"/>
      </symbol>
      <symbol id="sm-287">
         <name>__TI_zero_init</name>
         <value>0x27e7</value>
         <object_component_ref idref="oc-4c"/>
      </symbol>
      <symbol id="sm-29e">
         <name>__TI_decompress_none</name>
         <value>0x27cb</value>
         <object_component_ref idref="oc-1d"/>
      </symbol>
      <symbol id="sm-2c1">
         <name>__TI_decompress_lzss</name>
         <value>0x208d</value>
         <object_component_ref idref="oc-17"/>
      </symbol>
      <symbol id="sm-2d5">
         <name>_abort_msg</name>
         <value>0x273d</value>
         <object_component_ref idref="oc-cb"/>
      </symbol>
      <symbol id="sm-2ea">
         <name>__TI_tmpnams</name>
         <value>0x20000340</value>
      </symbol>
      <symbol id="sm-2eb">
         <name>__aeabi_stdout</name>
         <value>0x200009d0</value>
         <object_component_ref idref="oc-20e"/>
      </symbol>
      <symbol id="sm-2ec">
         <name>__aeabi_stderr</name>
         <value>0x200009d4</value>
         <object_component_ref idref="oc-20e"/>
      </symbol>
      <symbol id="sm-2ed">
         <name>__aeabi_stdin</name>
         <value>0x200009cc</value>
         <object_component_ref idref="oc-20e"/>
      </symbol>
      <symbol id="sm-2ee">
         <name>_ftable</name>
         <value>0x20000810</value>
         <object_component_ref idref="oc-196"/>
      </symbol>
      <symbol id="sm-2ef">
         <name>__TI_ft_end</name>
         <value>0x200009c8</value>
         <object_component_ref idref="oc-20e"/>
      </symbol>
      <symbol id="sm-305">
         <name>rand</name>
         <value>0x25d9</value>
         <object_component_ref idref="oc-f6"/>
      </symbol>
      <symbol id="sm-318">
         <name>__stack</name>
         <value>0x2000fe00</value>
         <object_component_ref idref="oc-29"/>
      </symbol>
      <symbol id="sm-319">
         <name>_c_int00_noargs</name>
         <value>0x25a5</value>
         <object_component_ref idref="oc-58"/>
      </symbol>
      <symbol id="sm-33a">
         <name>__TI_doflush</name>
         <value>0x2329</value>
         <object_component_ref idref="oc-200"/>
      </symbol>
      <symbol id="sm-33b">
         <name>fflush</name>
         <value>0x1ddd</value>
         <object_component_ref idref="oc-190"/>
      </symbol>
      <symbol id="sm-359">
         <name>fputs</name>
         <value>0x17a9</value>
         <object_component_ref idref="oc-18a"/>
      </symbol>
      <symbol id="sm-371">
         <name>__TI_wrt_ok</name>
         <value>0x2159</value>
         <object_component_ref idref="oc-1ee"/>
      </symbol>
      <symbol id="sm-38d">
         <name>setvbuf</name>
         <value>0x1bb5</value>
         <object_component_ref idref="oc-24b"/>
      </symbol>
      <symbol id="sm-3a8">
         <name>memcpy</name>
         <value>0x1d41</value>
         <object_component_ref idref="oc-3a"/>
      </symbol>
      <symbol id="sm-3a9">
         <name>__aeabi_memcpy</name>
         <value>0x1d41</value>
         <object_component_ref idref="oc-3a"/>
      </symbol>
      <symbol id="sm-3aa">
         <name>__aeabi_memcpy8</name>
         <value>0x1d41</value>
         <object_component_ref idref="oc-3a"/>
      </symbol>
      <symbol id="sm-3ab">
         <name>__aeabi_memcpy4</name>
         <value>0x1d41</value>
         <object_component_ref idref="oc-3a"/>
      </symbol>
      <symbol id="sm-3ba">
         <name>__aeabi_memset</name>
         <value>0x1e5b</value>
         <object_component_ref idref="oc-a6"/>
      </symbol>
      <symbol id="sm-3bb">
         <name>memset</name>
         <value>0x1e61</value>
         <object_component_ref idref="oc-a6"/>
      </symbol>
      <symbol id="sm-3bc">
         <name>__aeabi_memset8</name>
         <value>0x1e5b</value>
         <object_component_ref idref="oc-a6"/>
      </symbol>
      <symbol id="sm-3bd">
         <name>__aeabi_memset4</name>
         <value>0x1e5b</value>
         <object_component_ref idref="oc-a6"/>
      </symbol>
      <symbol id="sm-3be">
         <name>__aeabi_memclr8</name>
         <value>0x1e59</value>
         <object_component_ref idref="oc-a6"/>
      </symbol>
      <symbol id="sm-3bf">
         <name>__aeabi_memclr4</name>
         <value>0x1e59</value>
         <object_component_ref idref="oc-a6"/>
      </symbol>
      <symbol id="sm-3c0">
         <name>__aeabi_memclr</name>
         <value>0x1e59</value>
         <object_component_ref idref="oc-a6"/>
      </symbol>
      <symbol id="sm-3e8">
         <name>__TI_auto_init_nobinit_nopinit</name>
         <value>0x2445</value>
         <object_component_ref idref="oc-154"/>
      </symbol>
      <symbol id="sm-3f2">
         <name>_system_pre_init</name>
         <value>0x27fb</value>
         <object_component_ref idref="oc-ac"/>
      </symbol>
      <symbol id="sm-419">
         <name>C$$EXIT</name>
         <value>0x27ff</value>
         <object_component_ref idref="oc-148"/>
      </symbol>
      <symbol id="sm-41a">
         <name>abort</name>
         <value>0x27ff</value>
         <object_component_ref idref="oc-148"/>
      </symbol>
      <symbol id="sm-41b">
         <name>__TI_dtors_ptr</name>
         <value>0x200009dc</value>
         <object_component_ref idref="oc-1d0"/>
      </symbol>
      <symbol id="sm-41c">
         <name>__TI_cleanup_ptr</name>
         <value>0x200009d8</value>
         <object_component_ref idref="oc-1d0"/>
      </symbol>
      <symbol id="sm-41d">
         <name>__TI_enable_exit_profile_output</name>
         <value>0x200009e0</value>
         <object_component_ref idref="oc-1d0"/>
      </symbol>
      <symbol id="sm-41e">
         <name>exit</name>
         <value>0x2375</value>
         <object_component_ref idref="oc-14e"/>
      </symbol>
      <symbol id="sm-433">
         <name>_nop</name>
         <value>0x1ed3</value>
         <object_component_ref idref="oc-220"/>
      </symbol>
      <symbol id="sm-434">
         <name>_lock</name>
         <value>0x200009e4</value>
         <object_component_ref idref="oc-1b0"/>
      </symbol>
      <symbol id="sm-435">
         <name>_unlock</name>
         <value>0x200009e8</value>
         <object_component_ref idref="oc-1b0"/>
      </symbol>
      <symbol id="sm-446">
         <name>memchr</name>
         <value>0x26e1</value>
         <object_component_ref idref="oc-1fa"/>
      </symbol>
      <symbol id="sm-4cf">
         <name>_sys_memory</name>
         <value>0x20000410</value>
         <object_component_ref idref="oc-2c"/>
      </symbol>
      <symbol id="sm-4d0">
         <name>free</name>
         <value>0x1ad1</value>
         <object_component_ref idref="oc-27c"/>
      </symbol>
      <symbol id="sm-4d1">
         <name>memalign</name>
         <value>0x19d1</value>
         <object_component_ref idref="oc-2be"/>
      </symbol>
      <symbol id="sm-4d2">
         <name>malloc</name>
         <value>0x27f3</value>
         <object_component_ref idref="oc-282"/>
      </symbol>
      <symbol id="sm-4d3">
         <name>aligned_alloc</name>
         <value>0x19d1</value>
         <object_component_ref idref="oc-2be"/>
      </symbol>
      <symbol id="sm-4e1">
         <name>strlen</name>
         <value>0x27b7</value>
         <object_component_ref idref="oc-1f4"/>
      </symbol>
      <symbol id="sm-4fb">
         <name>write</name>
         <value>0x26b9</value>
         <object_component_ref idref="oc-206"/>
      </symbol>
      <symbol id="sm-50c">
         <name>_stream</name>
         <value>0x20000978</value>
         <object_component_ref idref="oc-258"/>
      </symbol>
      <symbol id="sm-50d">
         <name>_device</name>
         <value>0x20000900</value>
         <object_component_ref idref="oc-29b"/>
      </symbol>
      <symbol id="sm-51d">
         <name>__TI_cleanup</name>
         <value>0x253d</value>
         <object_component_ref idref="oc-288"/>
      </symbol>
      <symbol id="sm-52f">
         <name>fseek</name>
         <value>0x20f5</value>
         <object_component_ref idref="oc-245"/>
      </symbol>
      <symbol id="sm-540">
         <name>HOSTclose</name>
         <value>0x23bd</value>
         <object_component_ref idref="oc-2d4"/>
      </symbol>
      <symbol id="sm-551">
         <name>HOSTlseek</name>
         <value>0x2025</value>
         <object_component_ref idref="oc-2e6"/>
      </symbol>
      <symbol id="sm-563">
         <name>parmbuf</name>
         <value>0x20000408</value>
      </symbol>
      <symbol id="sm-564">
         <name>HOSTopen</name>
         <value>0x21bd</value>
         <object_component_ref idref="oc-2ce"/>
      </symbol>
      <symbol id="sm-575">
         <name>HOSTread</name>
         <value>0x2279</value>
         <object_component_ref idref="oc-2da"/>
      </symbol>
      <symbol id="sm-586">
         <name>HOSTrename</name>
         <value>0x1fb9</value>
         <object_component_ref idref="oc-2f2"/>
      </symbol>
      <symbol id="sm-597">
         <name>HOSTunlink</name>
         <value>0x2401</value>
         <object_component_ref idref="oc-2ec"/>
      </symbol>
      <symbol id="sm-5a8">
         <name>HOSTwrite</name>
         <value>0x22d1</value>
         <object_component_ref idref="oc-2e0"/>
      </symbol>
      <symbol id="sm-5cc">
         <name>__TI_readmsg</name>
         <value>0x2571</value>
         <object_component_ref idref="oc-31f"/>
      </symbol>
      <symbol id="sm-5cd">
         <name>C$$IO$$</name>
         <value>0x24fb</value>
         <object_component_ref idref="oc-319"/>
      </symbol>
      <symbol id="sm-5ce">
         <name>__CIOBUF_</name>
         <value>0x20000220</value>
         <object_component_ref idref="oc-34a"/>
      </symbol>
      <symbol id="sm-5cf">
         <name>__TI_writemsg</name>
         <value>0x24cd</value>
         <object_component_ref idref="oc-319"/>
      </symbol>
      <symbol id="sm-5e0">
         <name>lseek</name>
         <value>0x2691</value>
         <object_component_ref idref="oc-274"/>
      </symbol>
      <symbol id="sm-5f5">
         <name>__TI_closefile</name>
         <value>0x1ed5</value>
         <object_component_ref idref="oc-2c5"/>
      </symbol>
      <symbol id="sm-61d">
         <name>finddevice</name>
         <value>0x260d</value>
         <object_component_ref idref="oc-36e"/>
      </symbol>
      <symbol id="sm-61e">
         <name>getdevice</name>
         <value>0x2489</value>
         <object_component_ref idref="oc-340"/>
      </symbol>
      <symbol id="sm-62e">
         <name>strchr</name>
         <value>0x278d</value>
         <object_component_ref idref="oc-362"/>
      </symbol>
      <symbol id="sm-63d">
         <name>strcmp</name>
         <value>0x2775</value>
         <object_component_ref idref="oc-387"/>
      </symbol>
      <symbol id="sm-64b">
         <name>strcpy</name>
         <value>0x27a3</value>
         <object_component_ref idref="oc-333"/>
      </symbol>
      <symbol id="sm-65b">
         <name>strncpy</name>
         <value>0x2505</value>
         <object_component_ref idref="oc-368"/>
      </symbol>
      <symbol id="sm-670">
         <name>close</name>
         <value>0x221d</value>
         <object_component_ref idref="oc-30a"/>
      </symbol>
      <symbol id="sm-680">
         <name>unlink</name>
         <value>0x263d</value>
         <object_component_ref idref="oc-310"/>
      </symbol>
      <symbol id="sm-681">
         <name>__TI_static_base__</name>
         <value>0x0</value>
      </symbol>
      <symbol id="sm-684">
         <name>__mpu_init</name>
         <value>0x0</value>
      </symbol>
      <symbol id="sm-685">
         <name>_system_post_cinit</name>
         <value>0x0</value>
      </symbol>
      <symbol id="sm-686">
         <name>NMI_Handler</name>
         <value>0x27e5</value>
      </symbol>
      <symbol id="sm-687">
         <name>HardFault_Handler</name>
         <value>0x27e5</value>
      </symbol>
      <symbol id="sm-688">
         <name>MemManage_Handler</name>
         <value>0x27e5</value>
      </symbol>
      <symbol id="sm-689">
         <name>BusFault_Handler</name>
         <value>0x27e5</value>
      </symbol>
      <symbol id="sm-68a">
         <name>UsageFault_Handler</name>
         <value>0x27e5</value>
      </symbol>
      <symbol id="sm-68b">
         <name>SVC_Handler</name>
         <value>0x27e5</value>
      </symbol>
      <symbol id="sm-68c">
         <name>DebugMon_Handler</name>
         <value>0x27e5</value>
      </symbol>
      <symbol id="sm-68d">
         <name>PendSV_Handler</name>
         <value>0x27e5</value>
      </symbol>
      <symbol id="sm-68e">
         <name>SysTick_Handler</name>
         <value>0x27e5</value>
      </symbol>
      <symbol id="sm-68f">
         <name>PSS_IRQHandler</name>
         <value>0x27e5</value>
      </symbol>
      <symbol id="sm-690">
         <name>CS_IRQHandler</name>
         <value>0x27e5</value>
      </symbol>
      <symbol id="sm-691">
         <name>PCM_IRQHandler</name>
         <value>0x27e5</value>
      </symbol>
      <symbol id="sm-692">
         <name>WDT_A_IRQHandler</name>
         <value>0x27e5</value>
      </symbol>
      <symbol id="sm-693">
         <name>FPU_IRQHandler</name>
         <value>0x27e5</value>
      </symbol>
      <symbol id="sm-694">
         <name>FLCTL_IRQHandler</name>
         <value>0x27e5</value>
      </symbol>
      <symbol id="sm-695">
         <name>COMP_E0_IRQHandler</name>
         <value>0x27e5</value>
      </symbol>
      <symbol id="sm-696">
         <name>COMP_E1_IRQHandler</name>
         <value>0x27e5</value>
      </symbol>
      <symbol id="sm-697">
         <name>TA0_0_IRQHandler</name>
         <value>0x27e5</value>
      </symbol>
      <symbol id="sm-698">
         <name>TA0_N_IRQHandler</name>
         <value>0x90b</value>
      </symbol>
      <symbol id="sm-699">
         <name>TA1_0_IRQHandler</name>
         <value>0x27e5</value>
      </symbol>
      <symbol id="sm-69a">
         <name>TA1_N_IRQHandler</name>
         <value>0x931</value>
      </symbol>
      <symbol id="sm-69b">
         <name>TA2_0_IRQHandler</name>
         <value>0x27e5</value>
      </symbol>
      <symbol id="sm-69c">
         <name>TA2_N_IRQHandler</name>
         <value>0x27e5</value>
      </symbol>
      <symbol id="sm-69d">
         <name>TA3_0_IRQHandler</name>
         <value>0x27e5</value>
      </symbol>
      <symbol id="sm-69e">
         <name>TA3_N_IRQHandler</name>
         <value>0x27e5</value>
      </symbol>
      <symbol id="sm-69f">
         <name>EUSCIA0_IRQHandler</name>
         <value>0x27e5</value>
      </symbol>
      <symbol id="sm-6a0">
         <name>EUSCIA1_IRQHandler</name>
         <value>0x27e5</value>
      </symbol>
      <symbol id="sm-6a1">
         <name>EUSCIA2_IRQHandler</name>
         <value>0x27e5</value>
      </symbol>
      <symbol id="sm-6a2">
         <name>EUSCIA3_IRQHandler</name>
         <value>0x27e5</value>
      </symbol>
      <symbol id="sm-6a3">
         <name>EUSCIB0_IRQHandler</name>
         <value>0x10d1</value>
      </symbol>
      <symbol id="sm-6a4">
         <name>EUSCIB1_IRQHandler</name>
         <value>0x27e5</value>
      </symbol>
      <symbol id="sm-6a5">
         <name>EUSCIB2_IRQHandler</name>
         <value>0x27e5</value>
      </symbol>
      <symbol id="sm-6a6">
         <name>EUSCIB3_IRQHandler</name>
         <value>0x27e5</value>
      </symbol>
      <symbol id="sm-6a7">
         <name>ADC14_IRQHandler</name>
         <value>0x1673</value>
      </symbol>
      <symbol id="sm-6a8">
         <name>T32_INT1_IRQHandler</name>
         <value>0x27e5</value>
      </symbol>
      <symbol id="sm-6a9">
         <name>T32_INT2_IRQHandler</name>
         <value>0x27e5</value>
      </symbol>
      <symbol id="sm-6aa">
         <name>T32_INTC_IRQHandler</name>
         <value>0x27e5</value>
      </symbol>
      <symbol id="sm-6ab">
         <name>AES256_IRQHandler</name>
         <value>0x27e5</value>
      </symbol>
      <symbol id="sm-6ac">
         <name>RTC_C_IRQHandler</name>
         <value>0x27e5</value>
      </symbol>
      <symbol id="sm-6ad">
         <name>DMA_ERR_IRQHandler</name>
         <value>0x27e5</value>
      </symbol>
      <symbol id="sm-6ae">
         <name>DMA_INT3_IRQHandler</name>
         <value>0x27e5</value>
      </symbol>
      <symbol id="sm-6af">
         <name>DMA_INT2_IRQHandler</name>
         <value>0x27e5</value>
      </symbol>
      <symbol id="sm-6b0">
         <name>DMA_INT1_IRQHandler</name>
         <value>0x27e5</value>
      </symbol>
      <symbol id="sm-6b1">
         <name>DMA_INT0_IRQHandler</name>
         <value>0x27e5</value>
      </symbol>
      <symbol id="sm-6b2">
         <name>PORT1_IRQHandler</name>
         <value>0x27e5</value>
      </symbol>
      <symbol id="sm-6b3">
         <name>PORT2_IRQHandler</name>
         <value>0x27e5</value>
      </symbol>
      <symbol id="sm-6b4">
         <name>PORT3_IRQHandler</name>
         <value>0x27e5</value>
      </symbol>
      <symbol id="sm-6b5">
         <name>PORT4_IRQHandler</name>
         <value>0x27e5</value>
      </symbol>
      <symbol id="sm-6b6">
         <name>PORT5_IRQHandler</name>
         <value>0x1d9</value>
      </symbol>
      <symbol id="sm-6b7">
         <name>PORT6_IRQHandler</name>
         <value>0x27e5</value>
      </symbol>
      <symbol id="sm-6b8">
         <name>remove</name>
         <value>0x263d</value>
      </symbol>
   </symbol_table>
   <title>Link successful</title>
</link_info>
